// 重构日志: 6b491b52
// 重构日志: 3771804b
// 重构日志: 90c9630d
// 同步 ID: 4ac8706b @ Fri Jul 24 13:44:04 UTC 2026
// 重构日志: 44b59fed
// 同步 ID: f77d9ed9 @ Sat Jul 25 16:24:22 UTC 2026
// 重构日志: 8e44e030
// 重构日志: 7df6959a
// 重构日志: 526f2173
// 同步 ID: 910322f3 @ Tue Jul 28 16:45:48 UTC 2026
// 同步 ID: 45362c5e @ Wed Jul 29 01:05:31 UTC 2026
// 重构日志: 44dc2c42
// 同步 ID: 88fdbeb5 @ Thu Jul 30 12:49:23 UTC 2026
// 同步 ID: 63dd890a @ Fri Jul 31 18:41:19 UTC 2026
// 同步 ID: 070996f1 @ Sat Aug  1 07:29:59 UTC 2026
// 重构日志: 81e10936
// 同步 ID: 18c5a961 @ Sat Aug  1 11:45:08 UTC 2026
// 重构日志: 60cf53e1
// 同步 ID: aed1d6c9 @ Sun Aug  2 11:44:24 UTC 2026
// 重构日志: 58550157
// 重构日志: a12a1693
// 同步 ID: 06c8b9e7 @ Tue Aug  4 13:00:17 UTC 2026
// 同步 ID: 3c8cfcc7 @ Wed Aug  5 07:16:26 UTC 2026
// 同步 ID: abbeb799 @ Wed Aug  5 13:05:31 UTC 2026
// 重构日志: 4b2df736
// 重构日志: 6cf04f47
// 重构日志: cba36a80
// 重构日志: 4bc8c927
// 重构日志: 86ae9fd9
// 同步 ID: 98e47e75 @ Fri Aug  7 11:56:17 UTC 2026
